
> costivra@0.1.0 test:e2e:authenticated
> node --env-file-if-exists=.env.local ./node_modules/@playwright/test/cli.js test tests/e2e/authenticated-workspace.spec.ts --project=desktop-chromium --reporter=line


Running 1 test using 1 worker

[1/1] [desktop-chromium] › tests\e2e\authenticated-workspace.spec.ts:302:7 › authenticated customer workspace › completes the customer approval workflow through the rendered UI





  1) [desktop-chromium] › tests\e2e\authenticated-workspace.spec.ts:302:7 › authenticated customer workspace › completes the customer approval workflow through the rendered UI 

    Error: expect(locator).toBeVisible() failed

    Locator: locator('article.portal-card').filter({ hasText: 'Review and act on: E2E telecom review 5b47b6b6-ab91-4c0c-b61a-2bc99f32ca1d' }).getByRole('button', { name: 'Mark complete' })
    Expected: visible
    Timeout: 5000ms
    Error: element(s) not found

    Call log:
      - Expect "toBeVisible" with timeout 5000ms
      - waiting for locator('article.portal-card').filter({ hasText: 'Review and act on: E2E telecom review 5b47b6b6-ab91-4c0c-b61a-2bc99f32ca1d' }).getByRole('button', { name: 'Mark complete' })


      385 |       await actionCard.getByRole("button", { name: "Start work" }).click();
      386 |       await expect(page.getByText("Action started.", { exact: true })).toBeVisible({ timeout: 30_000 });
    > 387 |       await expect(actionCard.getByRole("button", { name: "Mark complete" })).toBeVisible();
          |                                                                               ^
      388 |       await actionCard.getByRole("button", { name: "Mark complete" }).click();
      389 |       await expect(page.getByText("Action completed.", { exact: true })).toBeVisible({ timeout: 30_000 });
      390 |
        at C:\Users\Lap3p\OneDrive\Documents\Costivra\tests\e2e\authenticated-workspace.spec.ts:387:79

    attachment #1: screenshot (image/png) ──────────────────────────────────────────────────────────
    test-results\authenticated-workspace-au-a12ad-low-through-the-rendered-UI-desktop-chromium\test-failed-1.png
    ────────────────────────────────────────────────────────────────────────────────────────────────

    attachment #2: video (video/webm) ──────────────────────────────────────────────────────────────
    test-results\authenticated-workspace-au-a12ad-low-through-the-rendered-UI-desktop-chromium\video.webm
    ────────────────────────────────────────────────────────────────────────────────────────────────

    Error Context: test-results\authenticated-workspace-au-a12ad-low-through-the-rendered-UI-desktop-chromium\error-context.md

    attachment #4: trace (application/zip) ─────────────────────────────────────────────────────────
    test-results\authenticated-workspace-au-a12ad-low-through-the-rendered-UI-desktop-chromium\trace.zip
    Usage:

        npx playwright show-trace test-results\authenticated-workspace-au-a12ad-low-through-the-rendered-UI-desktop-chromium\trace.zip

    ────────────────────────────────────────────────────────────────────────────────────────────────


  1 failed
    [desktop-chromium] › tests\e2e\authenticated-workspace.spec.ts:302:7 › authenticated customer workspace › completes the customer approval workflow through the rendered UI 
