[WebServer] [browser] Image with src "/brand/costivra-circuit-mark-cropped.png" has either width or height modified, but not the other. If you use CSS to change the size of your image, also include the styles 'width: "auto"' or 'height: "auto"' to maintain the aspect ratio.
[WebServer] ⨯ Error: {"code":"PGRST116","details":"The result contains 0 rows","hint":null,"message":"Cannot coerce the result to a single JSON object"}
[WebServer]     at ignore-listed frames {
[WebServer]   digest: '512060650@E394'
[WebServer] }
[WebServer] [browser] costivra.client_render_error { digest: '512060650@E394', name: 'Error' } 
[WebServer]     at ErrorPage.useEffect (src/app/error.tsx:16:13)
[WebServer]   14 | }) {
[WebServer]   15 |   useEffect(() => {
[WebServer] > 16 |     console.error("costivra.client_render_error", {
[WebServer]      |             ^
[WebServer]   17 |       digest: error.digest ?? "unavailable",
[WebServer]   18 |       name: error.name,
[WebServer]   19 |     }); (src/app/error.tsx:16:13)
[WebServer] [browser] costivra.client_render_error { digest: '512060650@E394', name: 'Error' } 
[WebServer]     at ErrorPage.useEffect (src/app/error.tsx:16:13)
[WebServer]   14 | }) {
[WebServer]   15 |   useEffect(() => {
[WebServer] > 16 |     console.error("costivra.client_render_error", {
[WebServer]      |             ^
[WebServer]   17 |       digest: error.digest ?? "unavailable",
[WebServer]   18 |       name: error.name,
[WebServer]   19 |     }); (src/app/error.tsx:16:13)
[WebServer] [browser] Image with src "/brand/costivra-circuit-mark-cropped.png" has either width or height modified, but not the other. If you use CSS to change the size of your image, also include the styles 'width: "auto"' or 'height: "auto"' to maintain the aspect ratio.
